=== RUN   TestApplyEnvFeatureOptionsEnablesAllFeatures
--- PASS: TestApplyEnvFeatureOptionsEnablesAllFeatures (0.00s)
=== RUN   TestApplyEnvFeatureOptionsLeavesAllFeaturesDisabledByDefault
--- PASS: TestApplyEnvFeatureOptionsLeavesAllFeaturesDisabledByDefault (0.00s)
=== RUN   TestApplyEnvFeatureOptionsDoesNotDisableExplicitAllFeatures
--- PASS: TestApplyEnvFeatureOptionsDoesNotDisableExplicitAllFeatures (0.00s)
=== RUN   TestGatewayAPIManifestFSIncludesLocalOverlayByDefault
--- PASS: TestGatewayAPIManifestFSIncludesLocalOverlayByDefault (0.00s)
=== RUN   TestGatewayAPIManifestFSLocalOverlayAddsMesh307Redirect
--- PASS: TestGatewayAPIManifestFSLocalOverlayAddsMesh307Redirect (0.00s)
=== RUN   TestGatewayAPIConformance
    conformance_test.go:118: Running conformance tests with:
    conformance_test.go:145:   GatewayClass: nantian-gw
    conformance_test.go:146:   Cleanup Resources: true
    conformance_test.go:147:   Debug: false
    conformance_test.go:149:   Enable All Features: true (expanded locally to explicit Supported Features + UDPRoute)
    conformance_test.go:153:   Supported Features: [GRPCRoute Gateway GatewayHTTPSListenerDetectMisdirectedRequests GatewayStaticAddresses HTTPRouteBackendProtocolWebSocket HTTPRouteParentRefPort MeshHTTPRouteNamedRouteRule MeshHTTPRouteQueryParamMatching BackendLBSessionPersistence BackendTLSPolicySANValidation GatewayBackendClientCertificate HTTPRouteRequestTimeout HTTPRouteResponseHeaderModification MeshClusterIPMatching MeshHTTPRouteRedirectPath TLSRouteModeMixed GatewayFrontendClientCertificateValidationInsecureFallback HTTPRouteBackendTimeout HTTPRoutePathRedirect HTTPRoutePortRedirect HTTPRoutePathRewrite MeshHTTPRouteRewritePath MeshHTTPRouteSchemeRedirect HTTPRoute HTTPRoute303RedirectStatusCode HTTPRoute307RedirectStatusCode HTTPRoute308RedirectStatusCode HTTPRouteBackendRequestHeaderModification HTTPRouteNamedRouteRule HTTPRouteSchemeRedirect HTTPRouteQueryParamMatching GatewayAddressEmpty GatewayHTTPListenerIsolation GatewayInfrastructurePropagation HTTPRouteBackendProtocolH2C HTTPRouteRequestPercentageMirror MeshConsumerRoute MeshHTTPRouteBackendRequestHeaderModification ReferenceGrant GRPCRouteNamedRouteRule GatewayFrontendClientCertificateValidation HTTPRouteCORS HTTPRouteHostRewrite HTTPRouteRequestMirror TLSRouteModeTerminate BackendTLSPolicy HTTPRouteDestinationPortMatching HTTPRouteMethodMatching HTTPRouteRequestMultipleMirrors TLSRoute TCPRoute UDPRoute GatewayPort8080 Mesh MeshHTTPRouteRedirectPort ListenerSet]
    conformance_test.go:154:   ExemptFeatures: []
    conformance_test.go:155:   ConformanceProfiles: []
    suite.go:369: 2026-08-02T05:23:14.820761006Z: Test Setup: Ensuring GatewayClass has been accepted
    suite.go:375: 2026-08-02T05:23:14.824227804Z: Test Setup: Applying base manifests
    apply.go:275: 2026-08-02T05:23:14.832331056Z: Creating gateway-conformance-infra Namespace
    apply.go:275: 2026-08-02T05:23:14.840192164Z: Creating same-namespace Gateway
    apply.go:275: 2026-08-02T05:23:14.844981333Z: Creating same-namespace-with-https-listener Gateway
    apply.go:275: 2026-08-02T05:23:14.853929819Z: Creating all-namespaces Gateway
    apply.go:275: 2026-08-02T05:23:14.869464463Z: Creating backend-namespaces Gateway
    apply.go:275: 2026-08-02T05:23:14.877099078Z: Creating infra-backend-v1 Service
    apply.go:275: 2026-08-02T05:23:14.895181275Z: Creating infra-backend-v1 Deployment
    apply.go:275: 2026-08-02T05:23:14.902267884Z: Creating infra-backend-v2 Service
    apply.go:275: 2026-08-02T05:23:14.919440465Z: Creating infra-backend-v2 Deployment
    apply.go:275: 2026-08-02T05:23:14.940831702Z: Creating infra-backend-v3 Service
    apply.go:275: 2026-08-02T05:23:14.972913548Z: Creating infra-backend-v3 Deployment
    apply.go:275: 2026-08-02T05:23:15.004516529Z: Creating tls-backend Service
    apply.go:275: 2026-08-02T05:23:15.06217881Z: Creating tls-backend Deployment
    apply.go:275: 2026-08-02T05:23:15.080123961Z: Creating tls-backend-2 Service
    apply.go:275: 2026-08-02T05:23:15.123434603Z: Creating tls-backend-2 Deployment
    apply.go:275: 2026-08-02T05:23:15.148887339Z: Creating gateway-conformance-app-backend Namespace
    apply.go:275: 2026-08-02T05:23:15.177292967Z: Creating tls-backend Service
    apply.go:275: 2026-08-02T05:23:15.198244641Z: Creating tls-backend Deployment
    apply.go:275: 2026-08-02T05:23:15.212273205Z: Creating app-backend-v1 Service
    apply.go:275: 2026-08-02T05:23:15.230945156Z: Creating app-backend-v1 Deployment
    apply.go:275: 2026-08-02T05:23:15.249887765Z: Creating app-backend-v2 Service
    apply.go:275: 2026-08-02T05:23:15.276972551Z: Creating app-backend-v2 Deployment
    apply.go:275: 2026-08-02T05:23:15.285876491Z: Creating gateway-conformance-web-backend Namespace
    apply.go:275: 2026-08-02T05:23:15.294909947Z: Creating web-backend Service
    apply.go:275: 2026-08-02T05:23:15.310932365Z: Creating web-backend Deployment
    apply.go:275: 2026-08-02T05:23:15.324797021Z: Creating grpc-infra-backend-v1 Service
    apply.go:275: 2026-08-02T05:23:15.348384443Z: Creating grpc-infra-backend-v1 Deployment
    apply.go:275: 2026-08-02T05:23:15.36610903Z: Creating grpc-infra-backend-v2 Service
    apply.go:275: 2026-08-02T05:23:15.382096149Z: Creating grpc-infra-backend-v2 Deployment
    apply.go:275: 2026-08-02T05:23:15.395882578Z: Creating grpc-infra-backend-v3 Service
    apply.go:275: 2026-08-02T05:23:15.411831609Z: Creating grpc-infra-backend-v3 Deployment
    apply.go:275: 2026-08-02T05:23:15.418714055Z: Creating coredns Service
    apply.go:275: 2026-08-02T05:23:15.437546077Z: Creating coredns Deployment
    apply.go:275: 2026-08-02T05:23:15.444155871Z: Creating coredns ConfigMap
    apply.go:275: 2026-08-02T05:23:15.459653476Z: Creating tcp-backend Service
    apply.go:275: 2026-08-02T05:23:15.478469878Z: Creating tcp-backend Deployment
    apply.go:294: 2026-08-02T05:23:15.495978361Z: Updating gateway-conformance-infra Namespace
    apply.go:294: 2026-08-02T05:23:15.50695167Z: Updating same-namespace Gateway
    apply.go:294: 2026-08-02T05:23:15.521885308Z: Updating same-namespace-with-https-listener Gateway
    apply.go:294: 2026-08-02T05:23:15.536536808Z: Updating all-namespaces Gateway
    apply.go:294: 2026-08-02T05:23:15.545029581Z: Updating backend-namespaces Gateway
    apply.go:294: 2026-08-02T05:23:15.55168474Z: Updating infra-backend-v1 Service
    apply.go:294: 2026-08-02T05:23:15.556512523Z: Updating infra-backend-v1 Deployment
    apply.go:294: 2026-08-02T05:23:15.563659235Z: Updating infra-backend-v2 Service
    apply.go:294: 2026-08-02T05:23:15.57363815Z: Updating infra-backend-v2 Deployment
    apply.go:294: 2026-08-02T05:23:15.581198545Z: Updating infra-backend-v3 Service
    apply.go:294: 2026-08-02T05:23:15.585083794Z: Updating infra-backend-v3 Deployment
    apply.go:294: 2026-08-02T05:23:15.590972587Z: Updating tls-backend Service
    apply.go:294: 2026-08-02T05:23:15.594660935Z: Updating tls-backend Deployment
    apply.go:294: 2026-08-02T05:23:15.603242402Z: Updating tls-backend-2 Service
    apply.go:294: 2026-08-02T05:23:15.610021122Z: Updating tls-backend-2 Deployment
    apply.go:294: 2026-08-02T05:23:15.618921608Z: Updating gateway-conformance-app-backend Namespace
    apply.go:294: 2026-08-02T05:23:15.626141563Z: Updating tls-backend Service
    apply.go:294: 2026-08-02T05:23:15.638276278Z: Updating tls-backend Deployment
    apply.go:294: 2026-08-02T05:23:15.646868686Z: Updating app-backend-v1 Service
    apply.go:294: 2026-08-02T05:23:15.651537744Z: Updating app-backend-v1 Deployment
    apply.go:308: 
        	Error Trace:	/home/runner/go/pkg/mod/sigs.k8s.io/gateway-api/conformance@v1.5.1/utils/kubernetes/apply.go:308
        	            				/home/runner/go/pkg/mod/sigs.k8s.io/gateway-api/conformance@v1.5.1/utils/suite/suite.go:376
        	            				/home/runner/work/platform-release/platform-release/gateway/conformance/conformance_test.go:126
        	            				/home/runner/work/platform-release/platform-release/gateway/conformance/conformance_test.go:72
        	            				/opt/hostedtoolcache/go/1.26.4/x64/src/runtime/asm_amd64.s:1771
        	Error:      	Received unexpected error:
        	            	Operation cannot be fulfilled on deployments.apps "app-backend-v1": the object has been modified; please apply your changes to the latest version and try again
        	Test:       	TestGatewayAPIConformance
        	Messages:   	error updating resource
    apply.go:301: 2026-08-02T05:23:15.655559869Z: Deleting app-backend-v1 Deployment
    apply.go:301: 2026-08-02T05:23:15.659882668Z: Deleting app-backend-v1 Service
    apply.go:301: 2026-08-02T05:23:15.672455366Z: Deleting tls-backend Deployment
    apply.go:301: 2026-08-02T05:23:15.677906299Z: Deleting tls-backend Service
    apply.go:301: 2026-08-02T05:23:15.690799795Z: Deleting gateway-conformance-app-backend Namespace
    apply.go:301: 2026-08-02T05:23:15.696751192Z: Deleting tls-backend-2 Deployment
    apply.go:301: 2026-08-02T05:23:15.699423572Z: Deleting tls-backend-2 Service
    apply.go:301: 2026-08-02T05:23:15.70858868Z: Deleting tls-backend Deployment
    apply.go:301: 2026-08-02T05:23:15.715419788Z: Deleting tls-backend Service
    apply.go:301: 2026-08-02T05:23:15.735604635Z: Deleting infra-backend-v3 Deployment
    apply.go:301: 2026-08-02T05:23:15.740214561Z: Deleting infra-backend-v3 Service
    apply.go:301: 2026-08-02T05:23:15.749870676Z: Deleting infra-backend-v2 Deployment
    apply.go:301: 2026-08-02T05:23:15.754823042Z: Deleting infra-backend-v2 Service
    apply.go:301: 2026-08-02T05:23:15.762687787Z: Deleting infra-backend-v1 Deployment
    apply.go:301: 2026-08-02T05:23:15.769195659Z: Deleting infra-backend-v1 Service
    apply.go:301: 2026-08-02T05:23:15.781976374Z: Deleting backend-namespaces Gateway
    apply.go:301: 2026-08-02T05:23:15.785402073Z: Deleting all-namespaces Gateway
    apply.go:301: 2026-08-02T05:23:15.790014163Z: Deleting same-namespace-with-https-listener Gateway
    apply.go:301: 2026-08-02T05:23:15.799753711Z: Deleting same-namespace Gateway
    apply.go:301: 2026-08-02T05:23:15.813804325Z: Deleting gateway-conformance-infra Namespace
    apply.go:283: 2026-08-02T05:23:15.82032455Z: Deleting tcp-backend Deployment
    apply.go:283: 2026-08-02T05:23:15.831393398Z: Deleting tcp-backend Service
    apply.go:283: 2026-08-02T05:23:15.841298876Z: Deleting coredns ConfigMap
    apply.go:283: 2026-08-02T05:23:15.843818156Z: Deleting coredns Deployment
    apply.go:283: 2026-08-02T05:23:15.846367381Z: Deleting coredns Service
    apply.go:283: 2026-08-02T05:23:15.853512768Z: Deleting grpc-infra-backend-v3 Deployment
    apply.go:283: 2026-08-02T05:23:15.856576609Z: Deleting grpc-infra-backend-v3 Service
    apply.go:283: 2026-08-02T05:23:15.865870804Z: Deleting grpc-infra-backend-v2 Deployment
    apply.go:283: 2026-08-02T05:23:15.868945162Z: Deleting grpc-infra-backend-v2 Service
    apply.go:283: 2026-08-02T05:23:15.876571643Z: Deleting grpc-infra-backend-v1 Deployment
    apply.go:283: 2026-08-02T05:23:15.879020158Z: Deleting grpc-infra-backend-v1 Service
    apply.go:283: 2026-08-02T05:23:15.887776062Z: Deleting web-backend Deployment
    apply.go:283: 2026-08-02T05:23:15.894822594Z: Deleting web-backend Service
    apply.go:283: 2026-08-02T05:23:15.913239108Z: Deleting gateway-conformance-web-backend Namespace
    apply.go:283: 2026-08-02T05:23:15.921648012Z: Deleting app-backend-v2 Deployment
    apply.go:283: 2026-08-02T05:23:15.927035786Z: Deleting app-backend-v2 Service
    apply.go:283: 2026-08-02T05:23:15.947445114Z: Deleting app-backend-v1 Deployment
    apply.go:283: 2026-08-02T05:23:15.954132963Z: Deleting app-backend-v1 Service
    apply.go:283: 2026-08-02T05:23:15.956657734Z: Deleting tls-backend Deployment
    apply.go:283: 2026-08-02T05:23:15.959321094Z: Deleting tls-backend Service
    apply.go:283: 2026-08-02T05:23:15.961026118Z: Deleting gateway-conformance-app-backend Namespace
    apply.go:283: 2026-08-02T05:23:15.96304901Z: Deleting tls-backend-2 Deployment
    apply.go:283: 2026-08-02T05:23:15.965062202Z: Deleting tls-backend-2 Service
    apply.go:283: 2026-08-02T05:23:15.96772558Z: Deleting tls-backend Deployment
    apply.go:283: 2026-08-02T05:23:15.970847669Z: Deleting tls-backend Service
    apply.go:283: 2026-08-02T05:23:15.973167665Z: Deleting infra-backend-v3 Deployment
    apply.go:283: 2026-08-02T05:23:15.975197999Z: Deleting infra-backend-v3 Service
    apply.go:283: 2026-08-02T05:23:15.977678777Z: Deleting infra-backend-v2 Deployment
    apply.go:283: 2026-08-02T05:23:15.979492545Z: Deleting infra-backend-v2 Service
    apply.go:283: 2026-08-02T05:23:15.981858247Z: Deleting infra-backend-v1 Deployment
    apply.go:283: 2026-08-02T05:23:15.984729898Z: Deleting infra-backend-v1 Service
    apply.go:283: 2026-08-02T05:23:15.987620875Z: Deleting backend-namespaces Gateway
    apply.go:283: 2026-08-02T05:23:15.990500691Z: Deleting all-namespaces Gateway
    apply.go:283: 2026-08-02T05:23:15.992455532Z: Deleting same-namespace-with-https-listener Gateway
    apply.go:283: 2026-08-02T05:23:15.994512836Z: Deleting same-namespace Gateway
    apply.go:283: 2026-08-02T05:23:15.996616066Z: Deleting gateway-conformance-infra Namespace
--- FAIL: TestGatewayAPIConformance (1.24s)
FAIL
FAIL	github.com/nantian-gw/gateway/conformance	1.253s
FAIL
